// Jest Snapshot v1, https://goo.gl/fbAQLP

exports[`AddUserModal component renders without crashing 1`] = `<DocumentFragment />`;
